---
title: "OpenBSD - Installing OpenBSD 6.9 on VMM"
date: 2021-10-10T02:59:07-05:00
draft: true
tags:
  - posts
  - vmm
  - openbsd
  - install
---

## Overview

These are my notes for installing OpenBSD 6.9 on an OpenBSD 6.9 VMM 
host. I've been wanting to do this for a while. But, needed to do the 
needed research before getting started with this. I plan on making a 
majority of my home server infrastructure OpenBSD. I will be providing 
another post regarding the overall architecture of my home network when 
I'm done planning it out.

The host that I'm using for this is running on old hardware. But, 
OpenBSD is very good at being functional on old hardware. So, there 
shouldn't be too much issue. The hardware specifications for the VM 
host can be found below.

- Name: ntil-vm-01
- Make/Model:
- Processor:
- Memory:
- Disk: 1TB

Note that provided is also a a list of minimum requirements for the VMM 
host and vmd(1) itself can be found below.



Below is the configuration for the VM. I'll probably add more resources 
to the VM as time goes on. This is just a boiler plate to get my feet wet.

- Name: ntil-inf-01
- Memory: 1024 MB
- Disk: 20 GB

I found OpenBSD VMM easy to use. It didn't require a lot of configuration 
out of the box before getting started. This means just getting started 
without configuration that follows best practices. I will be working on 
that and document it in another post.


## Setting Up The VM

```
ntil-vm-01# vmctl create -s 20G ntil-inf-01.qcow2
vmctl: qcow2 imagefile created
ntil-vm-01# ls -la
total 272
drwxr-xr-x  2 root  wheel     512 Apr 19 13:33 .
drwxr-xr-x  3 root  wheel     512 Apr 19 13:32 ..
-rw-------  1 root  wheel  262144 Apr 19 13:32 ntil-inf-01.qcow2
```

```
ntil-vm-01# vmctl start -m 1G -L -i 1 -r /home/vmm/iso/install69.iso -d /home/vmm/vms/ntil-inf-01/ntil-inf-01.qcow2 ntil-inf-01
vmctl: started vm 1 successfully, tty /dev/ttyp1
```

```
ntil-vm-01# vmctl show
ID   PID VCPUS  MAXMEM  CURMEM     TTY        OWNER    STATE NAME
1 72200     1    1.0G    178M   ttyp1         root  running ntil-inf-01
```

```
switch "ntil-vasw-01.int.loft" {
    interface bridge0
}

vm "ntil-inf-01.int.loft" {
    memory 1G
    enable
    disk /home/vmm/vms/ntil-inf-01/ntil-inf-01.qcow2
    local interface
}
```

```
ntil-vm-01# echo 'add bge0' > /etc/hostname.bridge0
ntil-vm-01# sh /etc/netstart bridge0
WARNING: /etc/hostname.bridge0 is insecure, fixing permissions.
```
## Installing OpenBSD 6.9

```
syncing disks... done
vmmci0: powerdown
rebooting...
Boot failed: not a bootable disk

CD-ROM: E0
Loading /6.9/AMD64/CDBOOT
probing: pc0 com0 mem[638K 1022M a20=on]
disk: hd0+* cd0
>> OpenBSD/amd64 CDBOOT 3.53
boot>
cannot open cd0a:/etc/random.seed: No such file or directory
booting cd0a:/6.9/amd64/bsd.rd: 3818189+1590272+3878376+0+704512 [109+288+28]=0x989530
entry point at 0xffffffff81001000
Copyright (c) 1982, 1986, 1989, 1991, 1993
The Regents of the University of California.  All rights reserved.
Copyright (c) 1995-2021 OpenBSD. All rights reserved.  https://www.OpenBSD.org

OpenBSD 6.9 (RAMDISK_CD) #456: Mon Apr 19 10:47:37 MDT 2021
deraadt@amd64.openbsd.org:/usr/src/sys/arch/amd64/compile/RAMDISK_CD
real mem = 1056948224 (1007MB)
avail mem = 1020952576 (973MB)
random: good seed from bootblocks
mainbus0 at root
bios0 at mainbus0: SMBIOS rev. 2.4 @ 0xf3f40 (10 entries)
bios0: vendor SeaBIOS version "1.11.0p3-OpenBSD-vmm" date 01/01/2011
bios0: OpenBSD VMM
acpi at bios0 not configured
cpu0 at mainbus0: (uniprocessor)
cpu0: Intel(R) Xeon(R) CPU E31230 @ 3.20GHz, 3178.40 MHz, 06-2a-07
cpu0: FPU,VME,DE,PSE,TSC,MSR,PAE,CX8,SEP,PGE,CMOV,PAT,PSE36,CFLUSH,MMX,FXSR,SSE,SSE2,SSE3,PCLMUL,SSSE3,CX16,SSE4.1,SSE4.2,POPCNT,AES,XSAVE,AVX,HV,NXE,LONG,LAHF,ITSC,MELTDOWN
cpu0: 256KB 64b/line 8-way L2 cache
cpu0: using IvyBridge MDS workaround
pvbus0 at mainbus0: OpenBSD
pci0 at mainbus0 bus 0
pchb0 at pci0 dev 0 function 0 "OpenBSD VMM Host" rev 0x00
virtio0 at pci0 dev 1 function 0 "Qumranet Virtio RNG" rev 0x00
viornd0 at virtio0
virtio0: irq 3
virtio1 at pci0 dev 2 function 0 "Qumranet Virtio Network" rev 0x00
vio0 at virtio1: address fe:e1:bb:d1:94:84
virtio1: irq 5
virtio2 at pci0 dev 3 function 0 "Qumranet Virtio Storage" rev 0x00
vioblk0 at virtio2
scsibus0 at vioblk0: 1 targets
sd0 at scsibus0 targ 0 lun 0: <VirtIO, Block Device, >
sd0: 20480MB, 512 bytes/sector, 41943040 sectors
virtio2: irq 6
virtio3 at pci0 dev 4 function 0 "Qumranet Virtio SCSI" rev 0x00
vioscsi0 at virtio3: qsize 128
scsibus1 at vioscsi0: 1 targets
cd0 at scsibus1 targ 0 lun 0: <OpenBSD, VMM CD-ROM, 001> removable
virtio3: irq 7
virtio4 at pci0 dev 5 function 0 "OpenBSD VMM Control" rev 0x00
vmmci0 at virtio4
virtio4: irq 9
isa0 at mainbus0
com0 at isa0 port 0x3f8/8 irq 4: ns8250, no fifo
com0: console
softraid0 at root
scsibus2 at softraid0: 256 targets
root on rd0a swap on rd0b dump on rd0b
erase ^?, werase ^W, kill ^U, intr ^C, status ^T
```
```
Welcome to the OpenBSD/amd64 6.9 installation program.
(I)nstall, (U)pgrade, (A)utoinstall or (S)hell? I
```

```
At any prompt except password prompts you can escape to a shell by
typing '!'. Default answers are shown in []'s and are selected by
pressing RETURN.  You can exit this program at any time by pressing
Control-C, but this can leave your system in an inconsistent state.

Terminal type? [vt220]
System hostname? (short form, e.g. 'foo') ntil-inf-01

Available network interfaces are: vio0 vlan0.
Which network interface do you wish to configure? (or 'done') [vio0]
IPv4 address for vio0? (or 'dhcp' or 'none') [dhcp]
vio0: 100.64.1.3 lease accepted from 100.64.1.2 (fe:e1:bb:d1:94:85)
IPv6 address for vio0? (or 'autoconf' or 'none') [none]
Available network interfaces are: vio0 vlan0.
Which network interface do you wish to configure? (or 'done') [done]
DNS domain name? (e.g. 'example.com') [my.domain] int.loftus
Using DNS nameservers at 100.64.1.2

Password for root account? (will not echo)
Password for root account? (again)
Start sshd(8) by default? [yes]
Change the default console to com0? [yes]
Available speeds are: 9600 19200 38400 57600 115200.
Which speed should com0 use? (or 'done') [115200]
Setup a user? (enter a lower-case loginname, or 'no') [no] tloft
Full name for user tloft? [tloft] Timothy I Loftus
Password for user tloft? (will not echo)
Password for user tloft? (again)
WARNING: root is targeted by password guessing attacks, pubkeys are safer.
Allow root ssh login? (yes, no, prohibit-password) [no]
```

```
Available disks are: sd0.
Which disk is the root disk? ('?' for details) [sd0]
No valid MBR or GPT.
Use (W)hole disk MBR, whole disk (G)PT or (E)dit? [whole]
Setting OpenBSD MBR partition to whole sd0...done.
The auto-allocated layout for sd0 is:
#                size           offset  fstype [fsize bsize   cpg]
a:           634.6M               64  4.2BSD   2048 16384     1 # /
b:          1049.1M          1299648    swap
c:         20480.0M                0  unused
d:           895.3M          3448288  4.2BSD   2048 16384     1 # /tmp
e:          1339.9M          5281888  4.2BSD   2048 16384     1 # /var
f:          2469.1M          8025952  4.2BSD   2048 16384     1 # /usr
g:           674.7M         13082752  4.2BSD   2048 16384     1 # /usr/X11R6
h:          2477.7M         14464608  4.2BSD   2048 16384     1 # /usr/local
i:          1493.8M         19538944  4.2BSD   2048 16384     1 # /usr/src
j:          5507.7M         22598304  4.2BSD   2048 16384     1 # /usr/obj
k:          3931.5M         33877984  4.2BSD   2048 16384     1 # /home

```

```
Use (A)uto layout, (E)dit auto layout, or create (C)ustom layout? [a]
/dev/rsd0a: 634.6MB in 1299584 sectors of 512 bytes
4 cylinder groups of 158.64MB, 10153 blocks, 20352 inodes each
/dev/rsd0k: 3931.5MB in 8051648 sectors of 512 bytes
20 cylinder groups of 202.50MB, 12960 blocks, 25920 inodes each
/dev/rsd0d: 895.3MB in 1833600 sectors of 512 bytes
5 cylinder groups of 202.50MB, 12960 blocks, 25920 inodes each
/dev/rsd0f: 2469.1MB in 5056800 sectors of 512 bytes
13 cylinder groups of 202.50MB, 12960 blocks, 25920 inodes each
newfs: reduced number of fragments per cylinder group from 86360 to 85680 to enlarge last cylinder group
/dev/rsd0g: 674.7MB in 1381856 sectors of 512 bytes
5 cylinder groups of 167.34MB, 10710 blocks, 21440 inodes each
/dev/rsd0h: 2477.7MB in 5074336 sectors of 512 bytes
13 cylinder groups of 202.50MB, 12960 blocks, 25920 inodes each
/dev/rsd0j: 5507.7MB in 11279680 sectors of 512 bytes
28 cylinder groups of 202.50MB, 12960 blocks, 25920 inodes each
/dev/rsd0i: 1493.8MB in 3059360 sectors of 512 bytes
8 cylinder groups of 202.50MB, 12960 blocks, 25920 inodes each
/dev/rsd0e: 1339.9MB in 2744064 sectors of 512 bytes
7 cylinder groups of 202.50MB, 12960 blocks, 25920 inodes each
/dev/sd0a (8f1533ab57372119.a) on /mnt type ffs (rw, asynchronous, local)
/dev/sd0k (8f1533ab57372119.k) on /mnt/home type ffs (rw, asynchronous, local, nodev, nosuid)
/dev/sd0d (8f1533ab57372119.d) on /mnt/tmp type ffs (rw, asynchronous, local, nodev, nosuid)
/dev/sd0f (8f1533ab57372119.f) on /mnt/usr type ffs (rw, asynchronous, local, nodev)
/dev/sd0g (8f1533ab57372119.g) on /mnt/usr/X11R6 type ffs (rw, asynchronous, local, nodev)
/dev/sd0h (8f1533ab57372119.h) on /mnt/usr/local type ffs (rw, asynchronous, local, nodev)
/dev/sd0j (8f1533ab57372119.j) on /mnt/usr/obj type ffs (rw, asynchronous, local, nodev, nosuid)
/dev/sd0i (8f1533ab57372119.i) on /mnt/usr/src type ffs (rw, asynchronous, local, nodev, nosuid)
/dev/sd0e (8f1533ab57372119.e) on /mnt/var type ffs (rw, asynchronous, local, nodev, nosuid)

Let's install the sets!
````

```
Location of sets? (cd0 disk http nfs or 'done') [cd0]
Pathname to the sets? (or 'done') [6.9/amd64]

Select sets by entering a set name, a file name pattern or 'all'. De-select
sets by prepending a '-', e.g.: '-game*'. Selected sets are labelled '[X]'.
    [X] bsd           [X] comp69.tgz    [X] xbase69.tgz   [X] xserv69.tgz
    [X] bsd.rd        [X] man69.tgz     [X] xshare69.tgz
    [X] base69.tgz    [X] game69.tgz    [X] xfont69.tgz
Set name(s)? (or 'abort' or 'done') [done]
Directory does not contain SHA256.sig. Continue without verification? [no] yes
Installing bsd          100% |**************************| 20423 KB    00:02
Installing bsd.rd       100% |**************************|  4107 KB    00:00
Installing base69.tgz   100% |**************************|   291 MB    00:59
Extracting etc.tgz      100% |**************************|   254 KB    00:00
Installing comp69.tgz   100% |**************************| 85958 KB    00:26
Installing man69.tgz    100% |**************************|  7560 KB    00:02
Installing game69.tgz   100% |**************************|  2741 KB    00:00
Installing xbase69.tgz  100% |**************************| 29789 KB    00:08
Extracting xetc.tgz     100% |**************************|  7101       00:00
Installing xshare69.tgz 100% |**************************|  4502 KB    00:02
Installing xfont69.tgz  100% |**************************| 39342 KB    00:07
Installing xserv69.tgz  100% |**************************| 18351 KB    00:04
Location of sets? (cd0 disk http nfs or 'done') [done]
```

```
What timezone are you in? ('?' for list) [Canada/Mountain] America/Chicago
Saving configuration files... done.
Making all device nodes... done.
Relinking to create unique kernel... done.

CONGRATULATIONS! Your OpenBSD install has been successfully completed!

When you login to your new system the first time, please read your mail
using the 'mail' command.

Exit to (S)hell, (H)alt or (R)eboot? [reboot]
```

```
pf enabled
starting network
vio0: 100.64.1.3 lease accepted from 100.64.1.2 (fe:e1:bb:d1:94:85)
reordering libraries: done.
openssl: generating isakmpd/iked RSA keys... done.
ssh-keygen: generating new host keys: RSA DSA ECDSA ED25519
starting early daemons: syslogd pflogd ntpd.
starting RPC daemons:.
savecore: no core dump
checking quotas: done.
clearing /tmp
kern.securelevel: 0 -> 1
creating runtime link editor directory cache.
preserving editor files.
starting network daemons: sshd smtpd sndiod.
running rc.firsttime
Path to firmware: http://firmware.openbsd.org/firmware/6.9/
Installing: intel-firmware
http://firmware.openbsd.org/firmware/6.9/: ftp: firmware.openbsd.org: no address associated with name
http://firmware.openbsd.org/firmware/6.9/: empty
Can't find intel-firmware
Checking for available binary patches...
syspatch: cdn.openbsd.org: no address associated with name
starting local daemons: cron.
Mon Apr 19 13:11:53 CDT 2021

OpenBSD/amd64 (ntil-inf-01.int.loftus) (tty00)

login:
```


